// Jest Snapshot v1, https://goo.gl/fbAQLP

exports[`PlaylistShortcutItem stories snapshots [snapshot] should render the "Album" component story correctly 1`] = `
<div
  class="flex flex-col min-w-[150px] w-[150px]"
>
  <img
    alt="Cover of Polyphia"
    class="rounded"
    src="https://picsum.photos/160"
  />
  <span
    class="font-bold mt-2"
  >
    Polyphia
  </span>
  <span
    class="text-sm"
  >
    New levels new devils
  </span>
</div>
`;
