// Jest Snapshot v1, https://goo.gl/fbAQLP

exports[`AppDotSeparator stories snapshots [snapshot] should render the "Default" component story correctly 1`] = `
<span
  class="px-1"
>
  â€¢
</span>
`;
