// Jest Snapshot v1, https://goo.gl/fbAQLP

exports[`FeedPostShortItem stories snapshots [snapshot] should render the "ArtistReleaseAlbum" component story correctly 1`] = `
<div
  class="flex gap-3 items-center"
>
  <anonymous-stub
    size="sm"
    url="https://picsum.photos/50"
    username="TheBaronless"
  />
  <span>
    TheBaronless released a new album
  </span>
  <div
    class="flex relative flex-shrink-0 gap-2 items-center ml-auto"
  >
    <div
      class="absolute -left-3 w-0 h-0 rounded-full border-3 border-primary"
    />
    <span
      class="text-neutral"
    >
      less than a minute
    </span>
  </div>
</div>
`;

exports[`FeedPostShortItem stories snapshots [snapshot] should render the "ArtistReleaseSong" component story correctly 1`] = `
<div
  class="flex gap-3 items-center"
>
  <anonymous-stub
    size="sm"
    url="https://picsum.photos/50"
    username="TheBaronless"
  />
  <span>
    TheBaronless released a new song
  </span>
  <div
    class="flex relative flex-shrink-0 gap-2 items-center ml-auto"
  >
    <div
      class="absolute -left-3 w-0 h-0 rounded-full border-3 border-primary"
    />
    <span
      class="text-neutral"
    >
      less than a minute
    </span>
  </div>
</div>
`;

exports[`FeedPostShortItem stories snapshots [snapshot] should render the "UserShareAlbum" component story correctly 1`] = `
<div
  class="flex gap-3 items-center"
>
  <anonymous-stub
    size="sm"
    url="https://picsum.photos/50"
    username="TheBaronless"
  />
  <span>
    TheBaronless shared an album
  </span>
  <div
    class="flex relative flex-shrink-0 gap-2 items-center ml-auto"
  >
    <div
      class="absolute -left-3 w-0 h-0 rounded-full border-3 border-primary"
    />
    <span
      class="text-neutral"
    >
      less than a minute
    </span>
  </div>
</div>
`;

exports[`FeedPostShortItem stories snapshots [snapshot] should render the "UserSharePlaylist" component story correctly 1`] = `
<div
  class="flex gap-3 items-center"
>
  <anonymous-stub
    size="sm"
    url="https://picsum.photos/50"
    username="TheBaronless"
  />
  <span>
    TheBaronless shared a playlist
  </span>
  <div
    class="flex relative flex-shrink-0 gap-2 items-center ml-auto"
  >
    <div
      class="absolute -left-3 w-0 h-0 rounded-full border-3 border-primary"
    />
    <span
      class="text-neutral"
    >
      less than a minute
    </span>
  </div>
</div>
`;

exports[`FeedPostShortItem stories snapshots [snapshot] should render the "UserShareSong" component story correctly 1`] = `
<div
  class="flex gap-3 items-center"
>
  <anonymous-stub
    size="sm"
    url="https://picsum.photos/50"
    username="TheBaronless"
  />
  <span>
    TheBaronless shared a song
  </span>
  <div
    class="flex relative flex-shrink-0 gap-2 items-center ml-auto"
  >
    <div
      class="absolute -left-3 w-0 h-0 rounded-full border-3 border-primary"
    />
    <span
      class="text-neutral"
    >
      less than a minute
    </span>
  </div>
</div>
`;
