// Jest Snapshot v1, https://goo.gl/fbAQLP

exports[`FeedTrack stories snapshots [snapshot] should render the "OneBand" component story correctly 1`] = `
<div
  class="bg-white-dark rounded p-2 flex"
>
  <img
    alt="The track cover"
    class="rounded w-16 h-16"
    src="https://picsum.photos/50"
  />
  <div
    class="flex flex-col ml-2 justify-center"
  >
    <span
      class="font-bold"
    >
      G.O.A.T.
    </span>
    
    <span>
      Polyphia
    </span>
    
  </div>
  <div
    class="flex self-center ml-auto"
  >
    <anonymous-stub
      class="text-black-light"
      counter="0"
      liked="false"
      showcounter="false"
    />
    <span
      class="ml-3"
    >
      2:05
    </span>
  </div>
</div>
`;
